User-function doc-string audit passed: 640 of 640 documented.
mlplunit adoption audit passed: 67 tests and 73 demos share production sources.
TEST /Users/mike/github/sw-ml-study/demo-algorithms/tests/algorithms/backtracking/test_n_queens.mlpl
PASS /Users/mike/github/sw-ml-study/demo-algorithms/tests/algorithms/backtracking/test_n_queens.mlpl :: small boards and deterministic placement
PASS /Users/mike/github/sw-ml-study/demo-algorithms/tests/algorithms/backtracking/test_n_queens.mlpl :: larger board invariants and retained result
TEST /Users/mike/github/sw-ml-study/demo-algorithms/tests/algorithms/backtracking/test_numeric_sudoku.mlpl
PASS /Users/mike/github/sw-ml-study/demo-algorithms/tests/algorithms/backtracking/test_numeric_sudoku.mlpl :: known puzzle and deterministic solution
PASS /Users/mike/github/sw-ml-study/demo-algorithms/tests/algorithms/backtracking/test_numeric_sudoku.mlpl :: solved, unsatisfiable, and malformed boards
TEST /Users/mike/github/sw-ml-study/demo-algorithms/tests/algorithms/backtracking/test_subset_sum.mlpl
PASS /Users/mike/github/sw-ml-study/demo-algorithms/tests/algorithms/backtracking/test_subset_sum.mlpl :: subset existence and deterministic policy
PASS /Users/mike/github/sw-ml-study/demo-algorithms/tests/algorithms/backtracking/test_subset_sum.mlpl :: signed values, invariants, and input policy
TEST /Users/mike/github/sw-ml-study/demo-algorithms/tests/algorithms/dynamic_programming/test_coin_change_knapsack.mlpl
PASS /Users/mike/github/sw-ml-study/demo-algorithms/tests/algorithms/dynamic_programming/test_coin_change_knapsack.mlpl :: contract
TEST /Users/mike/github/sw-ml-study/demo-algorithms/tests/algorithms/dynamic_programming/test_numeric_lcs.mlpl
PASS /Users/mike/github/sw-ml-study/demo-algorithms/tests/algorithms/dynamic_programming/test_numeric_lcs.mlpl :: contract
TEST /Users/mike/github/sw-ml-study/demo-algorithms/tests/algorithms/greedy/test_interval_scheduling.mlpl
PASS /Users/mike/github/sw-ml-study/demo-algorithms/tests/algorithms/greedy/test_interval_scheduling.mlpl :: contract
TEST /Users/mike/github/sw-ml-study/demo-algorithms/tests/algorithms/numeric/test_number_algorithms.mlpl
PASS /Users/mike/github/sw-ml-study/demo-algorithms/tests/algorithms/numeric/test_number_algorithms.mlpl :: Euclidean GCD policies
PASS /Users/mike/github/sw-ml-study/demo-algorithms/tests/algorithms/numeric/test_number_algorithms.mlpl :: prime sieve ranges
PASS /Users/mike/github/sw-ml-study/demo-algorithms/tests/algorithms/numeric/test_number_algorithms.mlpl :: exponentiation by squaring
TEST /Users/mike/github/sw-ml-study/demo-algorithms/tests/algorithms/sequence/test_seeded_sampling.mlpl
PASS /Users/mike/github/sw-ml-study/demo-algorithms/tests/algorithms/sequence/test_seeded_sampling.mlpl :: seeded Fisher-Yates permutation
PASS /Users/mike/github/sw-ml-study/demo-algorithms/tests/algorithms/sequence/test_seeded_sampling.mlpl :: seeded reservoir sample
TEST /Users/mike/github/sw-ml-study/demo-algorithms/tests/caches/test_numeric_lru.mlpl
PASS /Users/mike/github/sw-ml-study/demo-algorithms/tests/caches/test_numeric_lru.mlpl :: contract
TEST /Users/mike/github/sw-ml-study/demo-algorithms/tests/deques/test_service_desk.mlpl
PASS /Users/mike/github/sw-ml-study/demo-algorithms/tests/deques/test_service_desk.mlpl :: empty deque behavior
PASS /Users/mike/github/sw-ml-study/demo-algorithms/tests/deques/test_service_desk.mlpl :: mixed immutable end operations
PASS /Users/mike/github/sw-ml-study/demo-algorithms/tests/deques/test_service_desk.mlpl :: representation and value validation
TEST /Users/mike/github/sw-ml-study/demo-algorithms/tests/graphs/test_a_star.mlpl
PASS /Users/mike/github/sw-ml-study/demo-algorithms/tests/graphs/test_a_star.mlpl :: A-star optimal route and guidance
PASS /Users/mike/github/sw-ml-study/demo-algorithms/tests/graphs/test_a_star.mlpl :: A-star zero heuristic and unreachable target
PASS /Users/mike/github/sw-ml-study/demo-algorithms/tests/graphs/test_a_star.mlpl :: A-star input validation
TEST /Users/mike/github/sw-ml-study/demo-algorithms/tests/graphs/test_bfs_dfs.mlpl
PASS /Users/mike/github/sw-ml-study/demo-algorithms/tests/graphs/test_bfs_dfs.mlpl :: contract
TEST /Users/mike/github/sw-ml-study/demo-algorithms/tests/graphs/test_capacitated_vehicle_routing.mlpl
PASS /Users/mike/github/sw-ml-study/demo-algorithms/tests/graphs/test_capacitated_vehicle_routing.mlpl :: CVRP exact and greedy delivery routes
PASS /Users/mike/github/sw-ml-study/demo-algorithms/tests/graphs/test_capacitated_vehicle_routing.mlpl :: CVRP capacity and connectivity boundaries
TEST /Users/mike/github/sw-ml-study/demo-algorithms/tests/graphs/test_cycle_topological.mlpl
PASS /Users/mike/github/sw-ml-study/demo-algorithms/tests/graphs/test_cycle_topological.mlpl :: contract
TEST /Users/mike/github/sw-ml-study/demo-algorithms/tests/graphs/test_floyd_warshall.mlpl
PASS /Users/mike/github/sw-ml-study/demo-algorithms/tests/graphs/test_floyd_warshall.mlpl :: contract
TEST /Users/mike/github/sw-ml-study/demo-algorithms/tests/graphs/test_graph_representations.mlpl
PASS /Users/mike/github/sw-ml-study/demo-algorithms/tests/graphs/test_graph_representations.mlpl :: contract
TEST /Users/mike/github/sw-ml-study/demo-algorithms/tests/graphs/test_kruskal.mlpl
PASS /Users/mike/github/sw-ml-study/demo-algorithms/tests/graphs/test_kruskal.mlpl :: contract
TEST /Users/mike/github/sw-ml-study/demo-algorithms/tests/graphs/test_scc.mlpl
PASS /Users/mike/github/sw-ml-study/demo-algorithms/tests/graphs/test_scc.mlpl :: contract
TEST /Users/mike/github/sw-ml-study/demo-algorithms/tests/graphs/test_shortest_paths.mlpl
PASS /Users/mike/github/sw-ml-study/demo-algorithms/tests/graphs/test_shortest_paths.mlpl :: contract
TEST /Users/mike/github/sw-ml-study/demo-algorithms/tests/graphs/test_traveling_salesman.mlpl
PASS /Users/mike/github/sw-ml-study/demo-algorithms/tests/graphs/test_traveling_salesman.mlpl :: exact TSP and nearest comparison
PASS /Users/mike/github/sw-ml-study/demo-algorithms/tests/graphs/test_traveling_salesman.mlpl :: TSP singleton and fixed-start policy
PASS /Users/mike/github/sw-ml-study/demo-algorithms/tests/graphs/test_traveling_salesman.mlpl :: TSP invalid and disconnected inputs
PASS /Users/mike/github/sw-ml-study/demo-algorithms/tests/graphs/test_traveling_salesman.mlpl :: 2-opt strictly improves a nearest-neighbor seed
PASS /Users/mike/github/sw-ml-study/demo-algorithms/tests/graphs/test_traveling_salesman.mlpl :: Held-Karp exact dynamic programming
TEST /Users/mike/github/sw-ml-study/demo-algorithms/tests/graphs/test_union_find.mlpl
PASS /Users/mike/github/sw-ml-study/demo-algorithms/tests/graphs/test_union_find.mlpl :: contract
TEST /Users/mike/github/sw-ml-study/demo-algorithms/tests/hashing/test_numeric_hash.mlpl
PASS /Users/mike/github/sw-ml-study/demo-algorithms/tests/hashing/test_numeric_hash.mlpl :: contract
TEST /Users/mike/github/sw-ml-study/demo-algorithms/tests/heaps/test_priority_queue.mlpl
PASS /Users/mike/github/sw-ml-study/demo-algorithms/tests/heaps/test_priority_queue.mlpl :: priority queue contract
TEST /Users/mike/github/sw-ml-study/demo-algorithms/tests/linked_lists/test_delivery_route.mlpl
PASS /Users/mike/github/sw-ml-study/demo-algorithms/tests/linked_lists/test_delivery_route.mlpl :: delivery linked list contract
TEST /Users/mike/github/sw-ml-study/demo-algorithms/tests/maps/test_direct_address_map.mlpl
PASS /Users/mike/github/sw-ml-study/demo-algorithms/tests/maps/test_direct_address_map.mlpl :: contract
TEST /Users/mike/github/sw-ml-study/demo-algorithms/tests/maps/test_hash_resize.mlpl
PASS /Users/mike/github/sw-ml-study/demo-algorithms/tests/maps/test_hash_resize.mlpl :: contract
TEST /Users/mike/github/sw-ml-study/demo-algorithms/tests/maps/test_hash_tombstones.mlpl
PASS /Users/mike/github/sw-ml-study/demo-algorithms/tests/maps/test_hash_tombstones.mlpl :: contract
TEST /Users/mike/github/sw-ml-study/demo-algorithms/tests/maps/test_open_address_map.mlpl
PASS /Users/mike/github/sw-ml-study/demo-algorithms/tests/maps/test_open_address_map.mlpl :: contract
TEST /Users/mike/github/sw-ml-study/demo-algorithms/tests/maps/test_separate_chaining.mlpl
PASS /Users/mike/github/sw-ml-study/demo-algorithms/tests/maps/test_separate_chaining.mlpl :: contract
TEST /Users/mike/github/sw-ml-study/demo-algorithms/tests/patterns/adapter/test_transit_departure_adapter.mlpl
PASS /Users/mike/github/sw-ml-study/demo-algorithms/tests/patterns/adapter/test_transit_departure_adapter.mlpl :: adapter representation parity
PASS /Users/mike/github/sw-ml-study/demo-algorithms/tests/patterns/adapter/test_transit_departure_adapter.mlpl :: target-only departure consumer
TEST /Users/mike/github/sw-ml-study/demo-algorithms/tests/patterns/bridge/test_energy_meter_bridge.mlpl
PASS /Users/mike/github/sw-ml-study/demo-algorithms/tests/patterns/bridge/test_energy_meter_bridge.mlpl :: Bridge implementation substitution
PASS /Users/mike/github/sw-ml-study/demo-algorithms/tests/patterns/bridge/test_energy_meter_bridge.mlpl :: Bridge abstraction variation
PASS /Users/mike/github/sw-ml-study/demo-algorithms/tests/patterns/bridge/test_energy_meter_bridge.mlpl :: Bridge boundaries and protocol coherence
TEST /Users/mike/github/sw-ml-study/demo-algorithms/tests/patterns/builder/test_storage_plan_builder.mlpl
PASS /Users/mike/github/sw-ml-study/demo-algorithms/tests/patterns/builder/test_storage_plan_builder.mlpl :: Builder staged construction and retained drafts
PASS /Users/mike/github/sw-ml-study/demo-algorithms/tests/patterns/builder/test_storage_plan_builder.mlpl :: Builder stage order and optional step
PASS /Users/mike/github/sw-ml-study/demo-algorithms/tests/patterns/builder/test_storage_plan_builder.mlpl :: Builder validation boundaries
TEST /Users/mike/github/sw-ml-study/demo-algorithms/tests/patterns/chain/test_purchase_approval_chain.mlpl
PASS /Users/mike/github/sw-ml-study/demo-algorithms/tests/patterns/chain/test_purchase_approval_chain.mlpl :: Chain short-circuits at first acceptance
PASS /Users/mike/github/sw-ml-study/demo-algorithms/tests/patterns/chain/test_purchase_approval_chain.mlpl :: Chain delegates through nested handlers
PASS /Users/mike/github/sw-ml-study/demo-algorithms/tests/patterns/chain/test_purchase_approval_chain.mlpl :: Chain terminal and validation errors
TEST /Users/mike/github/sw-ml-study/demo-algorithms/tests/patterns/command_visitor/test_functional_operations.mlpl
PASS /Users/mike/github/sw-ml-study/demo-algorithms/tests/patterns/command_visitor/test_functional_operations.mlpl :: Command executable values and retained state
PASS /Users/mike/github/sw-ml-study/demo-algorithms/tests/patterns/command_visitor/test_functional_operations.mlpl :: Command validation boundaries
PASS /Users/mike/github/sw-ml-study/demo-algorithms/tests/patterns/command_visitor/test_functional_operations.mlpl :: Visitor operation algebra substitution
PASS /Users/mike/github/sw-ml-study/demo-algorithms/tests/patterns/command_visitor/test_functional_operations.mlpl :: Visitor errors propagate through traversal
TEST /Users/mike/github/sw-ml-study/demo-algorithms/tests/patterns/composite_interpreter/test_shipping_quote_rules.mlpl
PASS /Users/mike/github/sw-ml-study/demo-algorithms/tests/patterns/composite_interpreter/test_shipping_quote_rules.mlpl :: closed Composite part-whole structure
PASS /Users/mike/github/sw-ml-study/demo-algorithms/tests/patterns/composite_interpreter/test_shipping_quote_rules.mlpl :: closed Interpreter evaluation policy
TEST /Users/mike/github/sw-ml-study/demo-algorithms/tests/patterns/decorator_proxy/test_service_wrappers.mlpl
PASS /Users/mike/github/sw-ml-study/demo-algorithms/tests/patterns/decorator_proxy/test_service_wrappers.mlpl :: Decorator delegates and remains substitutable
PASS /Users/mike/github/sw-ml-study/demo-algorithms/tests/patterns/decorator_proxy/test_service_wrappers.mlpl :: Decorator validation and retained request
PASS /Users/mike/github/sw-ml-study/demo-algorithms/tests/patterns/decorator_proxy/test_service_wrappers.mlpl :: Proxy target substitutability and explicit state
PASS /Users/mike/github/sw-ml-study/demo-algorithms/tests/patterns/decorator_proxy/test_service_wrappers.mlpl :: Proxy authorization and target errors
TEST /Users/mike/github/sw-ml-study/demo-algorithms/tests/patterns/facade/test_delivery_booking_facade.mlpl
PASS /Users/mike/github/sw-ml-study/demo-algorithms/tests/patterns/facade/test_delivery_booking_facade.mlpl :: Facade coordinates three subsystems
PASS /Users/mike/github/sw-ml-study/demo-algorithms/tests/patterns/facade/test_delivery_booking_facade.mlpl :: Facade subsystem helpers remain testable
PASS /Users/mike/github/sw-ml-study/demo-algorithms/tests/patterns/facade/test_delivery_booking_facade.mlpl :: Facade propagates subsystem errors
TEST /Users/mike/github/sw-ml-study/demo-algorithms/tests/patterns/factory/test_fulfillment_factories.mlpl
PASS /Users/mike/github/sw-ml-study/demo-algorithms/tests/patterns/factory/test_fulfillment_factories.mlpl :: Factory Method constructor substitution
PASS /Users/mike/github/sw-ml-study/demo-algorithms/tests/patterns/factory/test_fulfillment_factories.mlpl :: Abstract Factory coherent families
PASS /Users/mike/github/sw-ml-study/demo-algorithms/tests/patterns/factory/test_fulfillment_factories.mlpl :: Factory validation and incompatible products
TEST /Users/mike/github/sw-ml-study/demo-algorithms/tests/patterns/flyweight/test_shipment_type_table.mlpl
PASS /Users/mike/github/sw-ml-study/demo-algorithms/tests/patterns/flyweight/test_shipment_type_table.mlpl :: shared intrinsic table reuse
PASS /Users/mike/github/sw-ml-study/demo-algorithms/tests/patterns/flyweight/test_shipment_type_table.mlpl :: flyweight boundaries and validation
TEST /Users/mike/github/sw-ml-study/demo-algorithms/tests/patterns/iterator/test_numeric_iterator.mlpl
PASS /Users/mike/github/sw-ml-study/demo-algorithms/tests/patterns/iterator/test_numeric_iterator.mlpl :: iterator traversal and boundaries
PASS /Users/mike/github/sw-ml-study/demo-algorithms/tests/patterns/iterator/test_numeric_iterator.mlpl :: independent iterators and protocol consumer
TEST /Users/mike/github/sw-ml-study/demo-algorithms/tests/patterns/memento/test_room_plan_history.mlpl
PASS /Users/mike/github/sw-ml-study/demo-algorithms/tests/patterns/memento/test_room_plan_history.mlpl :: capture restore and retained states
PASS /Users/mike/github/sw-ml-study/demo-algorithms/tests/patterns/memento/test_room_plan_history.mlpl :: undo and memento boundaries
TEST /Users/mike/github/sw-ml-study/demo-algorithms/tests/patterns/observer_mediator/test_fixed_coordination.mlpl
PASS /Users/mike/github/sw-ml-study/demo-algorithms/tests/patterns/observer_mediator/test_fixed_coordination.mlpl :: Observer independent states and effects
PASS /Users/mike/github/sw-ml-study/demo-algorithms/tests/patterns/observer_mediator/test_fixed_coordination.mlpl :: Observer propagates subscriber errors
PASS /Users/mike/github/sw-ml-study/demo-algorithms/tests/patterns/observer_mediator/test_fixed_coordination.mlpl :: Mediator coordinates decoupled participants
PASS /Users/mike/github/sw-ml-study/demo-algorithms/tests/patterns/observer_mediator/test_fixed_coordination.mlpl :: Mediator propagates participant errors
TEST /Users/mike/github/sw-ml-study/demo-algorithms/tests/patterns/prototype/test_transit_service_prototype.mlpl
PASS /Users/mike/github/sw-ml-study/demo-algorithms/tests/patterns/prototype/test_transit_service_prototype.mlpl :: prototype derivation retains source
PASS /Users/mike/github/sw-ml-study/demo-algorithms/tests/patterns/prototype/test_transit_service_prototype.mlpl :: prototype variants are independent values
TEST /Users/mike/github/sw-ml-study/demo-algorithms/tests/patterns/state/test_incident_workflow.mlpl
PASS /Users/mike/github/sw-ml-study/demo-algorithms/tests/patterns/state/test_incident_workflow.mlpl :: deterministic closed State transitions
PASS /Users/mike/github/sw-ml-study/demo-algorithms/tests/patterns/state/test_incident_workflow.mlpl :: effect boundary and invalid transitions
TEST /Users/mike/github/sw-ml-study/demo-algorithms/tests/patterns/strategy/test_shipping_service_strategy.mlpl
PASS /Users/mike/github/sw-ml-study/demo-algorithms/tests/patterns/strategy/test_shipping_service_strategy.mlpl :: injected Strategy substitutability
PASS /Users/mike/github/sw-ml-study/demo-algorithms/tests/patterns/strategy/test_shipping_service_strategy.mlpl :: Strategy boundaries and stable ties
TEST /Users/mike/github/sw-ml-study/demo-algorithms/tests/patterns/template_method/test_numeric_report_template.mlpl
PASS /Users/mike/github/sw-ml-study/demo-algorithms/tests/patterns/template_method/test_numeric_report_template.mlpl :: Template Method step-set substitution
PASS /Users/mike/github/sw-ml-study/demo-algorithms/tests/patterns/template_method/test_numeric_report_template.mlpl :: Template Method retention and effects-as-data
PASS /Users/mike/github/sw-ml-study/demo-algorithms/tests/patterns/template_method/test_numeric_report_template.mlpl :: Template Method validation and ordering
TEST /Users/mike/github/sw-ml-study/demo-algorithms/tests/persistent_lists/test_alert_feed.mlpl
PASS /Users/mike/github/sw-ml-study/demo-algorithms/tests/persistent_lists/test_alert_feed.mlpl :: persistent alert list contract
TEST /Users/mike/github/sw-ml-study/demo-algorithms/tests/queues/test_printer_jobs.mlpl
PASS /Users/mike/github/sw-ml-study/demo-algorithms/tests/queues/test_printer_jobs.mlpl :: printer queue contract
TEST /Users/mike/github/sw-ml-study/demo-algorithms/tests/search/test_binary_search.mlpl
PASS /Users/mike/github/sw-ml-study/demo-algorithms/tests/search/test_binary_search.mlpl :: binary search contract
TEST /Users/mike/github/sw-ml-study/demo-algorithms/tests/search/test_linear_search.mlpl
PASS /Users/mike/github/sw-ml-study/demo-algorithms/tests/search/test_linear_search.mlpl :: linear search contract
TEST /Users/mike/github/sw-ml-study/demo-algorithms/tests/search/test_lower_bound.mlpl
PASS /Users/mike/github/sw-ml-study/demo-algorithms/tests/search/test_lower_bound.mlpl :: lower bound boundary policy
PASS /Users/mike/github/sw-ml-study/demo-algorithms/tests/search/test_lower_bound.mlpl :: :u:lower_bound_case [case 0]
PASS /Users/mike/github/sw-ml-study/demo-algorithms/tests/search/test_lower_bound.mlpl :: :u:lower_bound_case [case 1]
PASS /Users/mike/github/sw-ml-study/demo-algorithms/tests/search/test_lower_bound.mlpl :: :u:lower_bound_case [case 2]
PASS /Users/mike/github/sw-ml-study/demo-algorithms/tests/search/test_lower_bound.mlpl :: :u:lower_bound_case [case 3]
TEST /Users/mike/github/sw-ml-study/demo-algorithms/tests/sequences/test_reverse.mlpl
PASS /Users/mike/github/sw-ml-study/demo-algorithms/tests/sequences/test_reverse.mlpl :: sequence reverse contract
TEST /Users/mike/github/sw-ml-study/demo-algorithms/tests/serialization/test_numeric_envelope.mlpl
PASS /Users/mike/github/sw-ml-study/demo-algorithms/tests/serialization/test_numeric_envelope.mlpl :: numeric envelope shaped round trips
PASS /Users/mike/github/sw-ml-study/demo-algorithms/tests/serialization/test_numeric_envelope.mlpl :: numeric envelope validation
TEST /Users/mike/github/sw-ml-study/demo-algorithms/tests/sets/test_bit_set.mlpl
PASS /Users/mike/github/sw-ml-study/demo-algorithms/tests/sets/test_bit_set.mlpl :: contract
TEST /Users/mike/github/sw-ml-study/demo-algorithms/tests/sorts/test_heap_sort.mlpl
PASS /Users/mike/github/sw-ml-study/demo-algorithms/tests/sorts/test_heap_sort.mlpl :: heap sort contract
TEST /Users/mike/github/sw-ml-study/demo-algorithms/tests/sorts/test_insertion_sort.mlpl
PASS /Users/mike/github/sw-ml-study/demo-algorithms/tests/sorts/test_insertion_sort.mlpl :: insertion sort contract
TEST /Users/mike/github/sw-ml-study/demo-algorithms/tests/sorts/test_merge_sort.mlpl
PASS /Users/mike/github/sw-ml-study/demo-algorithms/tests/sorts/test_merge_sort.mlpl :: merge sort contract
TEST /Users/mike/github/sw-ml-study/demo-algorithms/tests/stacks/test_browser_back_history.mlpl
PASS /Users/mike/github/sw-ml-study/demo-algorithms/tests/stacks/test_browser_back_history.mlpl :: browser stack contract
TEST /Users/mike/github/sw-ml-study/demo-algorithms/tests/trees/test_binary_tree_representations.mlpl
PASS /Users/mike/github/sw-ml-study/demo-algorithms/tests/trees/test_binary_tree_representations.mlpl :: contract
TEST /Users/mike/github/sw-ml-study/demo-algorithms/tests/trees/test_expression_tree.mlpl
PASS /Users/mike/github/sw-ml-study/demo-algorithms/tests/trees/test_expression_tree.mlpl :: contract
TEST /Users/mike/github/sw-ml-study/demo-algorithms/tests/trees/test_persistent_avl.mlpl
PASS /Users/mike/github/sw-ml-study/demo-algorithms/tests/trees/test_persistent_avl.mlpl :: contract
TEST /Users/mike/github/sw-ml-study/demo-algorithms/tests/trees/test_persistent_bst.mlpl
PASS /Users/mike/github/sw-ml-study/demo-algorithms/tests/trees/test_persistent_bst.mlpl :: contract
TEST /Users/mike/github/sw-ml-study/demo-algorithms/tests/trees/test_persistent_bst_delete.mlpl
PASS /Users/mike/github/sw-ml-study/demo-algorithms/tests/trees/test_persistent_bst_delete.mlpl :: contract
TEST /Users/mike/github/sw-ml-study/demo-algorithms/tests/vectors/test_array_memory.mlpl
PASS /Users/mike/github/sw-ml-study/demo-algorithms/tests/vectors/test_array_memory.mlpl :: vector array memory contract
TEST /Users/mike/github/sw-ml-study/demo-algorithms/tests/vectors/test_campaign_goal.mlpl
PASS /Users/mike/github/sw-ml-study/demo-algorithms/tests/vectors/test_campaign_goal.mlpl :: campaign goal contract
TEST /Users/mike/github/sw-ml-study/demo-algorithms/tests/vectors/test_chunked_vector.mlpl
PASS /Users/mike/github/sw-ml-study/demo-algorithms/tests/vectors/test_chunked_vector.mlpl :: chunked vector contract
TEST /Users/mike/github/sw-ml-study/demo-algorithms/tests/vectors/test_growable_vector.mlpl
PASS /Users/mike/github/sw-ml-study/demo-algorithms/tests/vectors/test_growable_vector.mlpl :: growable vector contract
Ran 116 test(s): 116 passed, 0 failed.
