User-function doc-string audit passed: 476 of 476 documented.
mlplunit adoption audit passed: 51 tests and 53 demos share production sources.
TAP version 13
ok 1 - /Users/mike/github/sw-ml-study/demo-algorithms/tests/algorithms/backtracking/test_n_queens.mlpl :: small boards and deterministic placement
ok 2 - /Users/mike/github/sw-ml-study/demo-algorithms/tests/algorithms/backtracking/test_n_queens.mlpl :: larger board invariants and retained result
ok 3 - /Users/mike/github/sw-ml-study/demo-algorithms/tests/algorithms/backtracking/test_numeric_sudoku.mlpl :: known puzzle and deterministic solution
ok 4 - /Users/mike/github/sw-ml-study/demo-algorithms/tests/algorithms/backtracking/test_numeric_sudoku.mlpl :: solved, unsatisfiable, and malformed boards
ok 5 - /Users/mike/github/sw-ml-study/demo-algorithms/tests/algorithms/backtracking/test_subset_sum.mlpl :: subset existence and deterministic policy
ok 6 - /Users/mike/github/sw-ml-study/demo-algorithms/tests/algorithms/backtracking/test_subset_sum.mlpl :: signed values, invariants, and input policy
ok 7 - /Users/mike/github/sw-ml-study/demo-algorithms/tests/algorithms/dynamic_programming/test_coin_change_knapsack.mlpl :: contract
ok 8 - /Users/mike/github/sw-ml-study/demo-algorithms/tests/algorithms/dynamic_programming/test_numeric_lcs.mlpl :: contract
ok 9 - /Users/mike/github/sw-ml-study/demo-algorithms/tests/algorithms/greedy/test_interval_scheduling.mlpl :: contract
ok 10 - /Users/mike/github/sw-ml-study/demo-algorithms/tests/algorithms/numeric/test_number_algorithms.mlpl :: Euclidean GCD policies
ok 11 - /Users/mike/github/sw-ml-study/demo-algorithms/tests/algorithms/numeric/test_number_algorithms.mlpl :: prime sieve ranges
ok 12 - /Users/mike/github/sw-ml-study/demo-algorithms/tests/algorithms/numeric/test_number_algorithms.mlpl :: exponentiation by squaring
ok 13 - /Users/mike/github/sw-ml-study/demo-algorithms/tests/algorithms/sequence/test_seeded_sampling.mlpl :: seeded Fisher-Yates permutation
ok 14 - /Users/mike/github/sw-ml-study/demo-algorithms/tests/algorithms/sequence/test_seeded_sampling.mlpl :: seeded reservoir sample
ok 15 - /Users/mike/github/sw-ml-study/demo-algorithms/tests/caches/test_numeric_lru.mlpl :: contract
ok 16 - /Users/mike/github/sw-ml-study/demo-algorithms/tests/deques/test_service_desk.mlpl :: empty deque behavior
ok 17 - /Users/mike/github/sw-ml-study/demo-algorithms/tests/deques/test_service_desk.mlpl :: mixed immutable end operations
ok 18 - /Users/mike/github/sw-ml-study/demo-algorithms/tests/deques/test_service_desk.mlpl :: representation and value validation
ok 19 - /Users/mike/github/sw-ml-study/demo-algorithms/tests/graphs/test_bfs_dfs.mlpl :: contract
ok 20 - /Users/mike/github/sw-ml-study/demo-algorithms/tests/graphs/test_cycle_topological.mlpl :: contract
ok 21 - /Users/mike/github/sw-ml-study/demo-algorithms/tests/graphs/test_floyd_warshall.mlpl :: contract
ok 22 - /Users/mike/github/sw-ml-study/demo-algorithms/tests/graphs/test_graph_representations.mlpl :: contract
ok 23 - /Users/mike/github/sw-ml-study/demo-algorithms/tests/graphs/test_kruskal.mlpl :: contract
ok 24 - /Users/mike/github/sw-ml-study/demo-algorithms/tests/graphs/test_scc.mlpl :: contract
ok 25 - /Users/mike/github/sw-ml-study/demo-algorithms/tests/graphs/test_shortest_paths.mlpl :: contract
ok 26 - /Users/mike/github/sw-ml-study/demo-algorithms/tests/graphs/test_union_find.mlpl :: contract
ok 27 - /Users/mike/github/sw-ml-study/demo-algorithms/tests/hashing/test_numeric_hash.mlpl :: contract
ok 28 - /Users/mike/github/sw-ml-study/demo-algorithms/tests/heaps/test_priority_queue.mlpl :: priority queue contract
ok 29 - /Users/mike/github/sw-ml-study/demo-algorithms/tests/linked_lists/test_delivery_route.mlpl :: delivery linked list contract
ok 30 - /Users/mike/github/sw-ml-study/demo-algorithms/tests/maps/test_direct_address_map.mlpl :: contract
ok 31 - /Users/mike/github/sw-ml-study/demo-algorithms/tests/maps/test_hash_resize.mlpl :: contract
ok 32 - /Users/mike/github/sw-ml-study/demo-algorithms/tests/maps/test_hash_tombstones.mlpl :: contract
ok 33 - /Users/mike/github/sw-ml-study/demo-algorithms/tests/maps/test_open_address_map.mlpl :: contract
ok 34 - /Users/mike/github/sw-ml-study/demo-algorithms/tests/maps/test_separate_chaining.mlpl :: contract
ok 35 - /Users/mike/github/sw-ml-study/demo-algorithms/tests/patterns/adapter/test_transit_departure_adapter.mlpl :: adapter representation parity
ok 36 - /Users/mike/github/sw-ml-study/demo-algorithms/tests/patterns/adapter/test_transit_departure_adapter.mlpl :: target-only departure consumer
ok 37 - /Users/mike/github/sw-ml-study/demo-algorithms/tests/patterns/composite_interpreter/test_shipping_quote_rules.mlpl :: closed Composite part-whole structure
ok 38 - /Users/mike/github/sw-ml-study/demo-algorithms/tests/patterns/composite_interpreter/test_shipping_quote_rules.mlpl :: closed Interpreter evaluation policy
ok 39 - /Users/mike/github/sw-ml-study/demo-algorithms/tests/patterns/flyweight/test_shipment_type_table.mlpl :: shared intrinsic table reuse
ok 40 - /Users/mike/github/sw-ml-study/demo-algorithms/tests/patterns/flyweight/test_shipment_type_table.mlpl :: flyweight boundaries and validation
ok 41 - /Users/mike/github/sw-ml-study/demo-algorithms/tests/patterns/memento/test_room_plan_history.mlpl :: capture restore and retained states
ok 42 - /Users/mike/github/sw-ml-study/demo-algorithms/tests/patterns/memento/test_room_plan_history.mlpl :: undo and memento boundaries
ok 43 - /Users/mike/github/sw-ml-study/demo-algorithms/tests/patterns/prototype/test_transit_service_prototype.mlpl :: prototype derivation retains source
ok 44 - /Users/mike/github/sw-ml-study/demo-algorithms/tests/patterns/prototype/test_transit_service_prototype.mlpl :: prototype variants are independent values
ok 45 - /Users/mike/github/sw-ml-study/demo-algorithms/tests/persistent_lists/test_alert_feed.mlpl :: persistent alert list contract
ok 46 - /Users/mike/github/sw-ml-study/demo-algorithms/tests/queues/test_printer_jobs.mlpl :: printer queue contract
ok 47 - /Users/mike/github/sw-ml-study/demo-algorithms/tests/search/test_binary_search.mlpl :: binary search contract
ok 48 - /Users/mike/github/sw-ml-study/demo-algorithms/tests/search/test_linear_search.mlpl :: linear search contract
ok 49 - /Users/mike/github/sw-ml-study/demo-algorithms/tests/search/test_lower_bound.mlpl :: lower bound boundary policy
ok 50 - /Users/mike/github/sw-ml-study/demo-algorithms/tests/search/test_lower_bound.mlpl :: :u:lower_bound_case [case 0]
ok 51 - /Users/mike/github/sw-ml-study/demo-algorithms/tests/search/test_lower_bound.mlpl :: :u:lower_bound_case [case 1]
ok 52 - /Users/mike/github/sw-ml-study/demo-algorithms/tests/search/test_lower_bound.mlpl :: :u:lower_bound_case [case 2]
ok 53 - /Users/mike/github/sw-ml-study/demo-algorithms/tests/search/test_lower_bound.mlpl :: :u:lower_bound_case [case 3]
ok 54 - /Users/mike/github/sw-ml-study/demo-algorithms/tests/sequences/test_reverse.mlpl :: sequence reverse contract
ok 55 - /Users/mike/github/sw-ml-study/demo-algorithms/tests/sets/test_bit_set.mlpl :: contract
ok 56 - /Users/mike/github/sw-ml-study/demo-algorithms/tests/sorts/test_heap_sort.mlpl :: heap sort contract
ok 57 - /Users/mike/github/sw-ml-study/demo-algorithms/tests/sorts/test_insertion_sort.mlpl :: insertion sort contract
ok 58 - /Users/mike/github/sw-ml-study/demo-algorithms/tests/sorts/test_merge_sort.mlpl :: merge sort contract
ok 59 - /Users/mike/github/sw-ml-study/demo-algorithms/tests/stacks/test_browser_back_history.mlpl :: browser stack contract
ok 60 - /Users/mike/github/sw-ml-study/demo-algorithms/tests/trees/test_binary_tree_representations.mlpl :: contract
ok 61 - /Users/mike/github/sw-ml-study/demo-algorithms/tests/trees/test_expression_tree.mlpl :: contract
ok 62 - /Users/mike/github/sw-ml-study/demo-algorithms/tests/trees/test_persistent_avl.mlpl :: contract
ok 63 - /Users/mike/github/sw-ml-study/demo-algorithms/tests/trees/test_persistent_bst.mlpl :: contract
ok 64 - /Users/mike/github/sw-ml-study/demo-algorithms/tests/trees/test_persistent_bst_delete.mlpl :: contract
ok 65 - /Users/mike/github/sw-ml-study/demo-algorithms/tests/vectors/test_array_memory.mlpl :: vector array memory contract
ok 66 - /Users/mike/github/sw-ml-study/demo-algorithms/tests/vectors/test_campaign_goal.mlpl :: campaign goal contract
ok 67 - /Users/mike/github/sw-ml-study/demo-algorithms/tests/vectors/test_chunked_vector.mlpl :: chunked vector contract
ok 68 - /Users/mike/github/sw-ml-study/demo-algorithms/tests/vectors/test_growable_vector.mlpl :: growable vector contract
1..68
# Ran 68 test(s): 68 passed, 0 failed.
