User-function doc-string audit passed: 962 of 962 documented.
mlplunit adoption audit passed: 86 tests and 94 demos share production sources.
TAP version 13
ok 1 - /Users/mike/github/sw-ml-study/demo-algorithms/tests/algorithms/backtracking/test_n_queens.mlpl :: small boards and deterministic placement
ok 2 - /Users/mike/github/sw-ml-study/demo-algorithms/tests/algorithms/backtracking/test_n_queens.mlpl :: larger board invariants and retained result
ok 3 - /Users/mike/github/sw-ml-study/demo-algorithms/tests/algorithms/backtracking/test_numeric_sudoku.mlpl :: known puzzle and deterministic solution
ok 4 - /Users/mike/github/sw-ml-study/demo-algorithms/tests/algorithms/backtracking/test_numeric_sudoku.mlpl :: solved, unsatisfiable, and malformed boards
ok 5 - /Users/mike/github/sw-ml-study/demo-algorithms/tests/algorithms/backtracking/test_subset_sum.mlpl :: subset existence and deterministic policy
ok 6 - /Users/mike/github/sw-ml-study/demo-algorithms/tests/algorithms/backtracking/test_subset_sum.mlpl :: signed values, invariants, and input policy
ok 7 - /Users/mike/github/sw-ml-study/demo-algorithms/tests/algorithms/dynamic_programming/test_coin_change_knapsack.mlpl :: contract
ok 8 - /Users/mike/github/sw-ml-study/demo-algorithms/tests/algorithms/dynamic_programming/test_numeric_lcs.mlpl :: contract
ok 9 - /Users/mike/github/sw-ml-study/demo-algorithms/tests/algorithms/greedy/test_interval_scheduling.mlpl :: contract
ok 10 - /Users/mike/github/sw-ml-study/demo-algorithms/tests/algorithms/numeric/test_number_algorithms.mlpl :: Euclidean GCD policies
ok 11 - /Users/mike/github/sw-ml-study/demo-algorithms/tests/algorithms/numeric/test_number_algorithms.mlpl :: prime sieve ranges
ok 12 - /Users/mike/github/sw-ml-study/demo-algorithms/tests/algorithms/numeric/test_number_algorithms.mlpl :: exponentiation by squaring
ok 13 - /Users/mike/github/sw-ml-study/demo-algorithms/tests/algorithms/sequence/test_seeded_sampling.mlpl :: seeded Fisher-Yates permutation
ok 14 - /Users/mike/github/sw-ml-study/demo-algorithms/tests/algorithms/sequence/test_seeded_sampling.mlpl :: seeded reservoir sample
ok 15 - /Users/mike/github/sw-ml-study/demo-algorithms/tests/caches/test_numeric_lru.mlpl :: contract
ok 16 - /Users/mike/github/sw-ml-study/demo-algorithms/tests/deques/test_service_desk.mlpl :: empty deque behavior
ok 17 - /Users/mike/github/sw-ml-study/demo-algorithms/tests/deques/test_service_desk.mlpl :: mixed immutable end operations
ok 18 - /Users/mike/github/sw-ml-study/demo-algorithms/tests/deques/test_service_desk.mlpl :: representation and value validation
ok 19 - /Users/mike/github/sw-ml-study/demo-algorithms/tests/graphs/test_a_star.mlpl :: A-star optimal route and guidance
ok 20 - /Users/mike/github/sw-ml-study/demo-algorithms/tests/graphs/test_a_star.mlpl :: A-star zero heuristic and unreachable target
ok 21 - /Users/mike/github/sw-ml-study/demo-algorithms/tests/graphs/test_a_star.mlpl :: A-star input validation
ok 22 - /Users/mike/github/sw-ml-study/demo-algorithms/tests/graphs/test_bfs_dfs.mlpl :: contract
ok 23 - /Users/mike/github/sw-ml-study/demo-algorithms/tests/graphs/test_bipartite_matching.mlpl :: Bipartite perfect matching and flow agreement
ok 24 - /Users/mike/github/sw-ml-study/demo-algorithms/tests/graphs/test_bipartite_matching.mlpl :: Bipartite partial and empty matching
ok 25 - /Users/mike/github/sw-ml-study/demo-algorithms/tests/graphs/test_bipartite_matching.mlpl :: Bipartite matching validation
ok 26 - /Users/mike/github/sw-ml-study/demo-algorithms/tests/graphs/test_capacitated_vehicle_routing.mlpl :: CVRP exact and greedy delivery routes
ok 27 - /Users/mike/github/sw-ml-study/demo-algorithms/tests/graphs/test_capacitated_vehicle_routing.mlpl :: CVRP capacity and connectivity boundaries
ok 28 - /Users/mike/github/sw-ml-study/demo-algorithms/tests/graphs/test_cycle_topological.mlpl :: contract
ok 29 - /Users/mike/github/sw-ml-study/demo-algorithms/tests/graphs/test_edmonds_karp.mlpl :: Edmonds-Karp known maximum flow
ok 30 - /Users/mike/github/sw-ml-study/demo-algorithms/tests/graphs/test_edmonds_karp.mlpl :: Maximum-flow boundaries and capacity normalization
ok 31 - /Users/mike/github/sw-ml-study/demo-algorithms/tests/graphs/test_edmonds_karp.mlpl :: Minimum-cut certificate
ok 32 - /Users/mike/github/sw-ml-study/demo-algorithms/tests/graphs/test_floyd_warshall.mlpl :: contract
ok 33 - /Users/mike/github/sw-ml-study/demo-algorithms/tests/graphs/test_graph_representations.mlpl :: contract
ok 34 - /Users/mike/github/sw-ml-study/demo-algorithms/tests/graphs/test_hungarian_assignment.mlpl :: Hungarian known optimum and oracle
ok 35 - /Users/mike/github/sw-ml-study/demo-algorithms/tests/graphs/test_hungarian_assignment.mlpl :: Hungarian ties negative and boundary policies
ok 36 - /Users/mike/github/sw-ml-study/demo-algorithms/tests/graphs/test_hungarian_assignment.mlpl :: Hungarian assignment validation
ok 37 - /Users/mike/github/sw-ml-study/demo-algorithms/tests/graphs/test_kruskal.mlpl :: contract
ok 38 - /Users/mike/github/sw-ml-study/demo-algorithms/tests/graphs/test_scc.mlpl :: contract
ok 39 - /Users/mike/github/sw-ml-study/demo-algorithms/tests/graphs/test_shortest_paths.mlpl :: contract
ok 40 - /Users/mike/github/sw-ml-study/demo-algorithms/tests/graphs/test_traveling_salesman.mlpl :: exact TSP and nearest comparison
ok 41 - /Users/mike/github/sw-ml-study/demo-algorithms/tests/graphs/test_traveling_salesman.mlpl :: TSP singleton and fixed-start policy
ok 42 - /Users/mike/github/sw-ml-study/demo-algorithms/tests/graphs/test_traveling_salesman.mlpl :: TSP invalid and disconnected inputs
ok 43 - /Users/mike/github/sw-ml-study/demo-algorithms/tests/graphs/test_traveling_salesman.mlpl :: 2-opt strictly improves a nearest-neighbor seed
ok 44 - /Users/mike/github/sw-ml-study/demo-algorithms/tests/graphs/test_traveling_salesman.mlpl :: Held-Karp exact dynamic programming
ok 45 - /Users/mike/github/sw-ml-study/demo-algorithms/tests/graphs/test_union_find.mlpl :: contract
ok 46 - /Users/mike/github/sw-ml-study/demo-algorithms/tests/hashing/test_numeric_hash.mlpl :: contract
ok 47 - /Users/mike/github/sw-ml-study/demo-algorithms/tests/heaps/test_priority_queue.mlpl :: priority queue contract
ok 48 - /Users/mike/github/sw-ml-study/demo-algorithms/tests/linked_lists/test_delivery_route.mlpl :: delivery linked list contract
ok 49 - /Users/mike/github/sw-ml-study/demo-algorithms/tests/linked_lists/test_indexed_doubly_linked_route.mlpl :: doubly linked insertions and reciprocal traversal
ok 50 - /Users/mike/github/sw-ml-study/demo-algorithms/tests/linked_lists/test_indexed_doubly_linked_route.mlpl :: doubly linked head middle tail deletion
ok 51 - /Users/mike/github/sw-ml-study/demo-algorithms/tests/linked_lists/test_indexed_doubly_linked_route.mlpl :: doubly linked values and stale handles
ok 52 - /Users/mike/github/sw-ml-study/demo-algorithms/tests/linked_lists/test_indexed_doubly_linked_route.mlpl :: doubly linked corruption and cycle detection
ok 53 - /Users/mike/github/sw-ml-study/demo-algorithms/tests/linked_lists/test_indexed_skip_list.mlpl :: skip list ordered persistent directory
ok 54 - /Users/mike/github/sw-ml-study/demo-algorithms/tests/linked_lists/test_indexed_skip_list.mlpl :: skip list deletion and stable handles
ok 55 - /Users/mike/github/sw-ml-study/demo-algorithms/tests/linked_lists/test_indexed_skip_list.mlpl :: skip list structural validation
ok 56 - /Users/mike/github/sw-ml-study/demo-algorithms/tests/maps/test_direct_address_map.mlpl :: contract
ok 57 - /Users/mike/github/sw-ml-study/demo-algorithms/tests/maps/test_hash_resize.mlpl :: contract
ok 58 - /Users/mike/github/sw-ml-study/demo-algorithms/tests/maps/test_hash_tombstones.mlpl :: contract
ok 59 - /Users/mike/github/sw-ml-study/demo-algorithms/tests/maps/test_open_address_map.mlpl :: contract
ok 60 - /Users/mike/github/sw-ml-study/demo-algorithms/tests/maps/test_separate_chaining.mlpl :: contract
ok 61 - /Users/mike/github/sw-ml-study/demo-algorithms/tests/matrices/test_batch_machine_planning.mlpl :: table matches recursive pairwise oracle
ok 62 - /Users/mike/github/sw-ml-study/demo-algorithms/tests/matrices/test_batch_machine_planning.mlpl :: fractional estimates and deterministic ties
ok 63 - /Users/mike/github/sw-ml-study/demo-algorithms/tests/matrices/test_batch_machine_planning.mlpl :: pairwise planning boundaries
ok 64 - /Users/mike/github/sw-ml-study/demo-algorithms/tests/matrices/test_sparse_composition.mlpl :: sparse addition cancellation and identity
ok 65 - /Users/mike/github/sw-ml-study/demo-algorithms/tests/matrices/test_sparse_composition.mlpl :: sparse rectangular product and dense oracle
ok 66 - /Users/mike/github/sw-ml-study/demo-algorithms/tests/matrices/test_sparse_composition.mlpl :: sparse composition dimension errors
ok 67 - /Users/mike/github/sw-ml-study/demo-algorithms/tests/matrices/test_sparse_csr.mlpl :: sparse COO normalization and CSR validation
ok 68 - /Users/mike/github/sw-ml-study/demo-algorithms/tests/matrices/test_sparse_csr.mlpl :: sparse matvec transpose and dense oracle
ok 69 - /Users/mike/github/sw-ml-study/demo-algorithms/tests/matrices/test_sparse_csr.mlpl :: sparse matrix malformed inputs and invariants
ok 70 - /Users/mike/github/sw-ml-study/demo-algorithms/tests/patterns/adapter/test_transit_departure_adapter.mlpl :: adapter representation parity
ok 71 - /Users/mike/github/sw-ml-study/demo-algorithms/tests/patterns/adapter/test_transit_departure_adapter.mlpl :: target-only departure consumer
ok 72 - /Users/mike/github/sw-ml-study/demo-algorithms/tests/patterns/bridge/test_energy_meter_bridge.mlpl :: Bridge implementation substitution
ok 73 - /Users/mike/github/sw-ml-study/demo-algorithms/tests/patterns/bridge/test_energy_meter_bridge.mlpl :: Bridge abstraction variation
ok 74 - /Users/mike/github/sw-ml-study/demo-algorithms/tests/patterns/bridge/test_energy_meter_bridge.mlpl :: Bridge boundaries and protocol coherence
ok 75 - /Users/mike/github/sw-ml-study/demo-algorithms/tests/patterns/builder/test_storage_plan_builder.mlpl :: Builder staged construction and retained drafts
ok 76 - /Users/mike/github/sw-ml-study/demo-algorithms/tests/patterns/builder/test_storage_plan_builder.mlpl :: Builder stage order and optional step
ok 77 - /Users/mike/github/sw-ml-study/demo-algorithms/tests/patterns/builder/test_storage_plan_builder.mlpl :: Builder validation boundaries
ok 78 - /Users/mike/github/sw-ml-study/demo-algorithms/tests/patterns/chain/test_purchase_approval_chain.mlpl :: Chain short-circuits at first acceptance
ok 79 - /Users/mike/github/sw-ml-study/demo-algorithms/tests/patterns/chain/test_purchase_approval_chain.mlpl :: Chain delegates through nested handlers
ok 80 - /Users/mike/github/sw-ml-study/demo-algorithms/tests/patterns/chain/test_purchase_approval_chain.mlpl :: Chain terminal and validation errors
ok 81 - /Users/mike/github/sw-ml-study/demo-algorithms/tests/patterns/command_visitor/test_functional_operations.mlpl :: Command executable values and retained state
ok 82 - /Users/mike/github/sw-ml-study/demo-algorithms/tests/patterns/command_visitor/test_functional_operations.mlpl :: Command validation boundaries
ok 83 - /Users/mike/github/sw-ml-study/demo-algorithms/tests/patterns/command_visitor/test_functional_operations.mlpl :: Visitor operation algebra substitution
ok 84 - /Users/mike/github/sw-ml-study/demo-algorithms/tests/patterns/command_visitor/test_functional_operations.mlpl :: Visitor errors propagate through traversal
ok 85 - /Users/mike/github/sw-ml-study/demo-algorithms/tests/patterns/composite_interpreter/test_shipping_quote_rules.mlpl :: closed Composite part-whole structure
ok 86 - /Users/mike/github/sw-ml-study/demo-algorithms/tests/patterns/composite_interpreter/test_shipping_quote_rules.mlpl :: closed Interpreter evaluation policy
ok 87 - /Users/mike/github/sw-ml-study/demo-algorithms/tests/patterns/decorator_proxy/test_service_wrappers.mlpl :: Decorator delegates and remains substitutable
ok 88 - /Users/mike/github/sw-ml-study/demo-algorithms/tests/patterns/decorator_proxy/test_service_wrappers.mlpl :: Decorator validation and retained request
ok 89 - /Users/mike/github/sw-ml-study/demo-algorithms/tests/patterns/decorator_proxy/test_service_wrappers.mlpl :: Proxy target substitutability and explicit state
ok 90 - /Users/mike/github/sw-ml-study/demo-algorithms/tests/patterns/decorator_proxy/test_service_wrappers.mlpl :: Proxy authorization and target errors
ok 91 - /Users/mike/github/sw-ml-study/demo-algorithms/tests/patterns/facade/test_delivery_booking_facade.mlpl :: Facade coordinates three subsystems
ok 92 - /Users/mike/github/sw-ml-study/demo-algorithms/tests/patterns/facade/test_delivery_booking_facade.mlpl :: Facade subsystem helpers remain testable
ok 93 - /Users/mike/github/sw-ml-study/demo-algorithms/tests/patterns/facade/test_delivery_booking_facade.mlpl :: Facade propagates subsystem errors
ok 94 - /Users/mike/github/sw-ml-study/demo-algorithms/tests/patterns/factory/test_fulfillment_factories.mlpl :: Factory Method constructor substitution
ok 95 - /Users/mike/github/sw-ml-study/demo-algorithms/tests/patterns/factory/test_fulfillment_factories.mlpl :: Abstract Factory coherent families
ok 96 - /Users/mike/github/sw-ml-study/demo-algorithms/tests/patterns/factory/test_fulfillment_factories.mlpl :: Factory validation and incompatible products
ok 97 - /Users/mike/github/sw-ml-study/demo-algorithms/tests/patterns/flyweight/test_shipment_type_table.mlpl :: shared intrinsic table reuse
ok 98 - /Users/mike/github/sw-ml-study/demo-algorithms/tests/patterns/flyweight/test_shipment_type_table.mlpl :: flyweight boundaries and validation
ok 99 - /Users/mike/github/sw-ml-study/demo-algorithms/tests/patterns/iterator/test_numeric_iterator.mlpl :: iterator traversal and boundaries
ok 100 - /Users/mike/github/sw-ml-study/demo-algorithms/tests/patterns/iterator/test_numeric_iterator.mlpl :: independent iterators and protocol consumer
ok 101 - /Users/mike/github/sw-ml-study/demo-algorithms/tests/patterns/memento/test_room_plan_history.mlpl :: capture restore and retained states
ok 102 - /Users/mike/github/sw-ml-study/demo-algorithms/tests/patterns/memento/test_room_plan_history.mlpl :: undo and memento boundaries
ok 103 - /Users/mike/github/sw-ml-study/demo-algorithms/tests/patterns/observer_mediator/test_fixed_coordination.mlpl :: Observer independent states and effects
ok 104 - /Users/mike/github/sw-ml-study/demo-algorithms/tests/patterns/observer_mediator/test_fixed_coordination.mlpl :: Observer propagates subscriber errors
ok 105 - /Users/mike/github/sw-ml-study/demo-algorithms/tests/patterns/observer_mediator/test_fixed_coordination.mlpl :: Mediator coordinates decoupled participants
ok 106 - /Users/mike/github/sw-ml-study/demo-algorithms/tests/patterns/observer_mediator/test_fixed_coordination.mlpl :: Mediator propagates participant errors
ok 107 - /Users/mike/github/sw-ml-study/demo-algorithms/tests/patterns/prototype/test_transit_service_prototype.mlpl :: prototype derivation retains source
ok 108 - /Users/mike/github/sw-ml-study/demo-algorithms/tests/patterns/prototype/test_transit_service_prototype.mlpl :: prototype variants are independent values
ok 109 - /Users/mike/github/sw-ml-study/demo-algorithms/tests/patterns/state/test_incident_workflow.mlpl :: deterministic closed State transitions
ok 110 - /Users/mike/github/sw-ml-study/demo-algorithms/tests/patterns/state/test_incident_workflow.mlpl :: effect boundary and invalid transitions
ok 111 - /Users/mike/github/sw-ml-study/demo-algorithms/tests/patterns/strategy/test_shipping_service_strategy.mlpl :: injected Strategy substitutability
ok 112 - /Users/mike/github/sw-ml-study/demo-algorithms/tests/patterns/strategy/test_shipping_service_strategy.mlpl :: Strategy boundaries and stable ties
ok 113 - /Users/mike/github/sw-ml-study/demo-algorithms/tests/patterns/strategy/test_shipping_service_strategy.mlpl :: partially configured Strategy values
ok 114 - /Users/mike/github/sw-ml-study/demo-algorithms/tests/patterns/template_method/test_numeric_report_template.mlpl :: Template Method step-set substitution
ok 115 - /Users/mike/github/sw-ml-study/demo-algorithms/tests/patterns/template_method/test_numeric_report_template.mlpl :: Template Method retention and effects-as-data
ok 116 - /Users/mike/github/sw-ml-study/demo-algorithms/tests/patterns/template_method/test_numeric_report_template.mlpl :: Template Method validation and ordering
ok 117 - /Users/mike/github/sw-ml-study/demo-algorithms/tests/persistent_lists/test_alert_feed.mlpl :: persistent alert list contract
ok 118 - /Users/mike/github/sw-ml-study/demo-algorithms/tests/persistent_lists/test_alert_feed_expiry.mlpl :: persistent list pop and drop
ok 119 - /Users/mike/github/sw-ml-study/demo-algorithms/tests/persistent_lists/test_alert_feed_expiry.mlpl :: persistent list removal positions
ok 120 - /Users/mike/github/sw-ml-study/demo-algorithms/tests/persistent_lists/test_alert_feed_expiry.mlpl :: persistent list cutoff filtering
ok 121 - /Users/mike/github/sw-ml-study/demo-algorithms/tests/queues/test_printer_jobs.mlpl :: printer queue contract
ok 122 - /Users/mike/github/sw-ml-study/demo-algorithms/tests/search/test_binary_search.mlpl :: binary search contract
ok 123 - /Users/mike/github/sw-ml-study/demo-algorithms/tests/search/test_linear_search.mlpl :: linear search contract
ok 124 - /Users/mike/github/sw-ml-study/demo-algorithms/tests/search/test_lower_bound.mlpl :: lower bound boundary policy
ok 125 - /Users/mike/github/sw-ml-study/demo-algorithms/tests/search/test_lower_bound.mlpl :: :u:lower_bound_case
ok 126 - /Users/mike/github/sw-ml-study/demo-algorithms/tests/search/test_lower_bound.mlpl :: :u:lower_bound_case
ok 127 - /Users/mike/github/sw-ml-study/demo-algorithms/tests/search/test_lower_bound.mlpl :: :u:lower_bound_case
ok 128 - /Users/mike/github/sw-ml-study/demo-algorithms/tests/search/test_lower_bound.mlpl :: :u:lower_bound_case
ok 129 - /Users/mike/github/sw-ml-study/demo-algorithms/tests/sequences/test_reverse.mlpl :: sequence reverse contract
ok 130 - /Users/mike/github/sw-ml-study/demo-algorithms/tests/serialization/test_binary_command_packet.mlpl :: binary device command packet encodes and validates
ok 131 - /Users/mike/github/sw-ml-study/demo-algorithms/tests/serialization/test_binary_command_packet.mlpl :: binary device command packet rejects corruption
ok 132 - /Users/mike/github/sw-ml-study/demo-algorithms/tests/serialization/test_binary_command_packet.mlpl :: binary device command persists exact raw bytes
ok 133 - /Users/mike/github/sw-ml-study/demo-algorithms/tests/serialization/test_binary_command_packet.mlpl :: binary command atomic replacement truncates prior bytes
ok 134 - /Users/mike/github/sw-ml-study/demo-algorithms/tests/serialization/test_binary_command_packet.mlpl :: invalid byte writes return Results and retain prior file
ok 135 - /Users/mike/github/sw-ml-study/demo-algorithms/tests/serialization/test_json_dispatch_config.mlpl :: JSON dispatch configuration plans a safe package prefix
ok 136 - /Users/mike/github/sw-ml-study/demo-algorithms/tests/serialization/test_json_dispatch_config.mlpl :: JSON dispatch configuration supports optional fields and additive evolution
ok 137 - /Users/mike/github/sw-ml-study/demo-algorithms/tests/serialization/test_json_dispatch_config.mlpl :: JSON dispatch configuration reports missing required fields
ok 138 - /Users/mike/github/sw-ml-study/demo-algorithms/tests/serialization/test_json_dispatch_config.mlpl :: JSON dispatch configuration rejects malformed policy
ok 139 - /Users/mike/github/sw-ml-study/demo-algorithms/tests/serialization/test_json_dispatch_config.mlpl :: JSON dispatch plan persists with deterministic encoding
ok 140 - /Users/mike/github/sw-ml-study/demo-algorithms/tests/serialization/test_json_dispatch_config.mlpl :: JSON dispatch atomic replacement leaves no stale suffix
ok 141 - /Users/mike/github/sw-ml-study/demo-algorithms/tests/serialization/test_json_dispatch_config.mlpl :: JSON encoding reports unsupported and non-finite values
ok 142 - /Users/mike/github/sw-ml-study/demo-algorithms/tests/serialization/test_json_dispatch_config.mlpl :: JSON configuration decoding enforces application budgets
ok 143 - /Users/mike/github/sw-ml-study/demo-algorithms/tests/serialization/test_numeric_envelope.mlpl :: numeric envelope shaped round trips
ok 144 - /Users/mike/github/sw-ml-study/demo-algorithms/tests/serialization/test_numeric_envelope.mlpl :: numeric envelope validation
ok 145 - /Users/mike/github/sw-ml-study/demo-algorithms/tests/serialization/test_toml_dispatch_config.mlpl :: TOML dispatch configuration plans a safe package prefix
ok 146 - /Users/mike/github/sw-ml-study/demo-algorithms/tests/serialization/test_toml_dispatch_config.mlpl :: TOML configuration round trips deterministically
ok 147 - /Users/mike/github/sw-ml-study/demo-algorithms/tests/serialization/test_toml_dispatch_config.mlpl :: TOML codec reports malformed and unsupported values
ok 148 - /Users/mike/github/sw-ml-study/demo-algorithms/tests/serialization/test_toml_dispatch_config.mlpl :: TOML configuration decoding enforces application budgets
ok 149 - /Users/mike/github/sw-ml-study/demo-algorithms/tests/sets/test_bit_set.mlpl :: contract
ok 150 - /Users/mike/github/sw-ml-study/demo-algorithms/tests/sorts/test_heap_sort.mlpl :: heap sort contract
ok 151 - /Users/mike/github/sw-ml-study/demo-algorithms/tests/sorts/test_insertion_sort.mlpl :: insertion sort contract
ok 152 - /Users/mike/github/sw-ml-study/demo-algorithms/tests/sorts/test_merge_sort.mlpl :: merge sort contract
ok 153 - /Users/mike/github/sw-ml-study/demo-algorithms/tests/stacks/test_browser_back_history.mlpl :: browser stack contract
ok 154 - /Users/mike/github/sw-ml-study/demo-algorithms/tests/trees/test_binary_tree_representations.mlpl :: contract
ok 155 - /Users/mike/github/sw-ml-study/demo-algorithms/tests/trees/test_btree_page_deletion.mlpl :: B-tree deletion borrow and merge repairs
ok 156 - /Users/mike/github/sw-ml-study/demo-algorithms/tests/trees/test_btree_page_deletion.mlpl :: B-tree internal deletion and cascading root contraction
ok 157 - /Users/mike/github/sw-ml-study/demo-algorithms/tests/trees/test_btree_page_deletion.mlpl :: B-tree deletion boundaries and retained values
ok 158 - /Users/mike/github/sw-ml-study/demo-algorithms/tests/trees/test_btree_page_index.mlpl :: B-tree leaf splits internal splits and root growth
ok 159 - /Users/mike/github/sw-ml-study/demo-algorithms/tests/trees/test_btree_page_index.mlpl :: B-tree persistence duplicates and signed entries
ok 160 - /Users/mike/github/sw-ml-study/demo-algorithms/tests/trees/test_btree_page_index.mlpl :: B-tree malformed page invariants
ok 161 - /Users/mike/github/sw-ml-study/demo-algorithms/tests/trees/test_expression_tree.mlpl :: contract
ok 162 - /Users/mike/github/sw-ml-study/demo-algorithms/tests/trees/test_fenwick_tree.mlpl :: Fenwick construction and cumulative queries
ok 163 - /Users/mike/github/sw-ml-study/demo-algorithms/tests/trees/test_fenwick_tree.mlpl :: Fenwick persistent point-add updates
ok 164 - /Users/mike/github/sw-ml-study/demo-algorithms/tests/trees/test_fenwick_tree.mlpl :: Fenwick validation and errors
ok 165 - /Users/mike/github/sw-ml-study/demo-algorithms/tests/trees/test_interval_tree.mlpl :: interval tree rotations and validation
ok 166 - /Users/mike/github/sw-ml-study/demo-algorithms/tests/trees/test_interval_tree.mlpl :: interval tree half-open conflict search
ok 167 - /Users/mike/github/sw-ml-study/demo-algorithms/tests/trees/test_interval_tree.mlpl :: interval tree persistence and duplicate starts
ok 168 - /Users/mike/github/sw-ml-study/demo-algorithms/tests/trees/test_numeric_digit_trie.mlpl :: numeric trie exact and longest-prefix lookup
ok 169 - /Users/mike/github/sw-ml-study/demo-algorithms/tests/trees/test_numeric_digit_trie.mlpl :: numeric trie persistence and replacement
ok 170 - /Users/mike/github/sw-ml-study/demo-algorithms/tests/trees/test_numeric_digit_trie.mlpl :: numeric trie validation and malformed keys
ok 171 - /Users/mike/github/sw-ml-study/demo-algorithms/tests/trees/test_order_statistic_avl.mlpl :: order statistic AVL rotations and caches
ok 172 - /Users/mike/github/sw-ml-study/demo-algorithms/tests/trees/test_order_statistic_avl.mlpl :: order statistic AVL rank and select
ok 173 - /Users/mike/github/sw-ml-study/demo-algorithms/tests/trees/test_order_statistic_avl.mlpl :: order statistic AVL persistence and duplicates
ok 174 - /Users/mike/github/sw-ml-study/demo-algorithms/tests/trees/test_persistent_avl.mlpl :: contract
ok 175 - /Users/mike/github/sw-ml-study/demo-algorithms/tests/trees/test_persistent_bst.mlpl :: contract
ok 176 - /Users/mike/github/sw-ml-study/demo-algorithms/tests/trees/test_persistent_bst_delete.mlpl :: contract
ok 177 - /Users/mike/github/sw-ml-study/demo-algorithms/tests/trees/test_segment_tree.mlpl :: segment tree construction and queries
ok 178 - /Users/mike/github/sw-ml-study/demo-algorithms/tests/trees/test_segment_tree.mlpl :: segment tree persistent point updates
ok 179 - /Users/mike/github/sw-ml-study/demo-algorithms/tests/trees/test_segment_tree.mlpl :: segment tree validation and range errors
ok 180 - /Users/mike/github/sw-ml-study/demo-algorithms/tests/vectors/test_array_memory.mlpl :: vector array memory contract
ok 181 - /Users/mike/github/sw-ml-study/demo-algorithms/tests/vectors/test_campaign_goal.mlpl :: campaign goal contract
ok 182 - /Users/mike/github/sw-ml-study/demo-algorithms/tests/vectors/test_chunked_vector.mlpl :: chunked vector contract
ok 183 - /Users/mike/github/sw-ml-study/demo-algorithms/tests/vectors/test_growable_vector.mlpl :: growable vector contract
1..183
# Ran 183 test(s): 183 passed, 0 failed.
